[     690ms] [LOG] Godot Engine v4.6.3.stable.official.7d41c59c4 - https://godotengine.org @ https://testinginpractice.github.io/azbuka/index.js:451
[     852ms] [LOG] OpenGL API OpenGL ES 3.0 (WebGL 2.0 (OpenGL ES 3.0 Chromium)) - Compatibility - Using Device: WebKit - WebKit WebGL @ https://testinginpractice.github.io/azbuka/index.js:451
[     970ms] [LOG] Build configuration: Emscripten 4.0.20, single-threaded, no GDExtension support. @ https://testinginpractice.github.io/azbuka/index.js:451
[    1425ms] [WARNING] <meta name="apple-mobile-web-app-capable" content="yes"> is deprecated. Please include <meta name="mobile-web-app-capable" content="yes"> @ https://testinginpractice.github.io/azbuka/?dbg=3:0
[  185888ms] [LOG] [INFO] MainMenu: game_button_pressed  data={"game":"find_letter","title":"Найди букву"} @ https://testinginpractice.github.io/azbuka/index.js:451
[  477412ms] [WARNING] <meta name="apple-mobile-web-app-capable" content="yes"> is deprecated. Please include <meta name="mobile-web-app-capable" content="yes"> @ https://testinginpractice.github.io/azbuka/?dbg=3:0
[  478115ms] [LOG] Godot Engine v4.6.3.stable.official.7d41c59c4 - https://godotengine.org @ https://testinginpractice.github.io/azbuka/index.js:451
[  478320ms] [LOG] OpenGL API OpenGL ES 3.0 (WebGL 2.0 (OpenGL ES 3.0 Chromium)) - Compatibility - Using Device: WebKit - WebKit WebGL @ https://testinginpractice.github.io/azbuka/index.js:451
[  478570ms] [LOG] Build configuration: Emscripten 4.0.20, single-threaded, no GDExtension support. @ https://testinginpractice.github.io/azbuka/index.js:451
[  478882ms] [WARNING] The AudioContext was not allowed to start. It must be resumed (or created) after a user gesture on the page. https://developer.chrome.com/blog/autoplay/#web_audio @ https://testinginpractice.github.io/azbuka/?dbg=3:95
[  478981ms] [WARNING] The AudioContext was not allowed to start. It must be resumed (or created) after a user gesture on the page. https://developer.chrome.com/blog/autoplay/#web_audio @ https://testinginpractice.github.io/azbuka/?dbg=3:95
[  479181ms] [WARNING] The AudioContext was not allowed to start. It must be resumed (or created) after a user gesture on the page. https://developer.chrome.com/blog/autoplay/#web_audio @ https://testinginpractice.github.io/azbuka/?dbg=3:95
[  479382ms] [WARNING] The AudioContext was not allowed to start. It must be resumed (or created) after a user gesture on the page. https://developer.chrome.com/blog/autoplay/#web_audio @ https://testinginpractice.github.io/azbuka/?dbg=3:95
[  479582ms] [WARNING] The AudioContext was not allowed to start. It must be resumed (or created) after a user gesture on the page. https://developer.chrome.com/blog/autoplay/#web_audio @ https://testinginpractice.github.io/azbuka/?dbg=3:95
[  479782ms] [WARNING] The AudioContext was not allowed to start. It must be resumed (or created) after a user gesture on the page. https://developer.chrome.com/blog/autoplay/#web_audio @ https://testinginpractice.github.io/azbuka/?dbg=3:95
[  479982ms] [WARNING] The AudioContext was not allowed to start. It must be resumed (or created) after a user gesture on the page. https://developer.chrome.com/blog/autoplay/#web_audio @ https://testinginpractice.github.io/azbuka/?dbg=3:95
[  480181ms] [WARNING] The AudioContext was not allowed to start. It must be resumed (or created) after a user gesture on the page. https://developer.chrome.com/blog/autoplay/#web_audio @ https://testinginpractice.github.io/azbuka/?dbg=3:95
[  480382ms] [WARNING] The AudioContext was not allowed to start. It must be resumed (or created) after a user gesture on the page. https://developer.chrome.com/blog/autoplay/#web_audio @ https://testinginpractice.github.io/azbuka/?dbg=3:95
[  480581ms] [WARNING] The AudioContext was not allowed to start. It must be resumed (or created) after a user gesture on the page. https://developer.chrome.com/blog/autoplay/#web_audio @ https://testinginpractice.github.io/azbuka/?dbg=3:95
[  480781ms] [WARNING] The AudioContext was not allowed to start. It must be resumed (or created) after a user gesture on the page. https://developer.chrome.com/blog/autoplay/#web_audio @ https://testinginpractice.github.io/azbuka/?dbg=3:95
[  480982ms] [WARNING] The AudioContext was not allowed to start. It must be resumed (or created) after a user gesture on the page. https://developer.chrome.com/blog/autoplay/#web_audio @ https://testinginpractice.github.io/azbuka/?dbg=3:95
[  481182ms] [WARNING] The AudioContext was not allowed to start. It must be resumed (or created) after a user gesture on the page. https://developer.chrome.com/blog/autoplay/#web_audio @ https://testinginpractice.github.io/azbuka/?dbg=3:95
[  481382ms] [WARNING] The AudioContext was not allowed to start. It must be resumed (or created) after a user gesture on the page. https://developer.chrome.com/blog/autoplay/#web_audio @ https://testinginpractice.github.io/azbuka/?dbg=3:95
[  481582ms] [WARNING] The AudioContext was not allowed to start. It must be resumed (or created) after a user gesture on the page. https://developer.chrome.com/blog/autoplay/#web_audio @ https://testinginpractice.github.io/azbuka/?dbg=3:95
[  481782ms] [WARNING] The AudioContext was not allowed to start. It must be resumed (or created) after a user gesture on the page. https://developer.chrome.com/blog/autoplay/#web_audio @ https://testinginpractice.github.io/azbuka/?dbg=3:95
[  481982ms] [WARNING] The AudioContext was not allowed to start. It must be resumed (or created) after a user gesture on the page. https://developer.chrome.com/blog/autoplay/#web_audio @ https://testinginpractice.github.io/azbuka/?dbg=3:95
[  482182ms] [WARNING] The AudioContext was not allowed to start. It must be resumed (or created) after a user gesture on the page. https://developer.chrome.com/blog/autoplay/#web_audio @ https://testinginpractice.github.io/azbuka/?dbg=3:95
[  482381ms] [WARNING] The AudioContext was not allowed to start. It must be resumed (or created) after a user gesture on the page. https://developer.chrome.com/blog/autoplay/#web_audio @ https://testinginpractice.github.io/azbuka/?dbg=3:95
[  482582ms] [WARNING] The AudioContext was not allowed to start. It must be resumed (or created) after a user gesture on the page. https://developer.chrome.com/blog/autoplay/#web_audio @ https://testinginpractice.github.io/azbuka/?dbg=3:95
[  482781ms] [WARNING] The AudioContext was not allowed to start. It must be resumed (or created) after a user gesture on the page. https://developer.chrome.com/blog/autoplay/#web_audio @ https://testinginpractice.github.io/azbuka/?dbg=3:95
[  482981ms] [WARNING] The AudioContext was not allowed to start. It must be resumed (or created) after a user gesture on the page. https://developer.chrome.com/blog/autoplay/#web_audio @ https://testinginpractice.github.io/azbuka/?dbg=3:95
[  486194ms] [WARNING] <meta name="apple-mobile-web-app-capable" content="yes"> is deprecated. Please include <meta name="mobile-web-app-capable" content="yes"> @ https://testinginpractice.github.io/azbuka/?dbg=3:0
[  486553ms] [LOG] Godot Engine v4.6.3.stable.official.7d41c59c4 - https://godotengine.org @ https://testinginpractice.github.io/azbuka/index.js:451
[  486676ms] [LOG] OpenGL API OpenGL ES 3.0 (WebGL 2.0 (OpenGL ES 3.0 Chromium)) - Compatibility - Using Device: WebKit - WebKit WebGL @ https://testinginpractice.github.io/azbuka/index.js:451
[  486734ms] [LOG] Build configuration: Emscripten 4.0.20, single-threaded, no GDExtension support. @ https://testinginpractice.github.io/azbuka/index.js:451
[  486909ms] [WARNING] The AudioContext was not allowed to start. It must be resumed (or created) after a user gesture on the page. https://developer.chrome.com/blog/autoplay/#web_audio @ https://testinginpractice.github.io/azbuka/?dbg=3:95
[  486973ms] [WARNING] The AudioContext was not allowed to start. It must be resumed (or created) after a user gesture on the page. https://developer.chrome.com/blog/autoplay/#web_audio @ https://testinginpractice.github.io/azbuka/?dbg=3:95
[  487173ms] [WARNING] The AudioContext was not allowed to start. It must be resumed (or created) after a user gesture on the page. https://developer.chrome.com/blog/autoplay/#web_audio @ https://testinginpractice.github.io/azbuka/?dbg=3:95
[  487373ms] [WARNING] The AudioContext was not allowed to start. It must be resumed (or created) after a user gesture on the page. https://developer.chrome.com/blog/autoplay/#web_audio @ https://testinginpractice.github.io/azbuka/?dbg=3:95
[  487573ms] [WARNING] The AudioContext was not allowed to start. It must be resumed (or created) after a user gesture on the page. https://developer.chrome.com/blog/autoplay/#web_audio @ https://testinginpractice.github.io/azbuka/?dbg=3:95
[  487773ms] [WARNING] The AudioContext was not allowed to start. It must be resumed (or created) after a user gesture on the page. https://developer.chrome.com/blog/autoplay/#web_audio @ https://testinginpractice.github.io/azbuka/?dbg=3:95
[  487973ms] [WARNING] The AudioContext was not allowed to start. It must be resumed (or created) after a user gesture on the page. https://developer.chrome.com/blog/autoplay/#web_audio @ https://testinginpractice.github.io/azbuka/?dbg=3:95
[  488173ms] [WARNING] The AudioContext was not allowed to start. It must be resumed (or created) after a user gesture on the page. https://developer.chrome.com/blog/autoplay/#web_audio @ https://testinginpractice.github.io/azbuka/?dbg=3:95
[  488373ms] [WARNING] The AudioContext was not allowed to start. It must be resumed (or created) after a user gesture on the page. https://developer.chrome.com/blog/autoplay/#web_audio @ https://testinginpractice.github.io/azbuka/?dbg=3:95
[  488573ms] [WARNING] The AudioContext was not allowed to start. It must be resumed (or created) after a user gesture on the page. https://developer.chrome.com/blog/autoplay/#web_audio @ https://testinginpractice.github.io/azbuka/?dbg=3:95
[  488773ms] [WARNING] The AudioContext was not allowed to start. It must be resumed (or created) after a user gesture on the page. https://developer.chrome.com/blog/autoplay/#web_audio @ https://testinginpractice.github.io/azbuka/?dbg=3:95
[  488973ms] [WARNING] The AudioContext was not allowed to start. It must be resumed (or created) after a user gesture on the page. https://developer.chrome.com/blog/autoplay/#web_audio @ https://testinginpractice.github.io/azbuka/?dbg=3:95
[  489173ms] [WARNING] The AudioContext was not allowed to start. It must be resumed (or created) after a user gesture on the page. https://developer.chrome.com/blog/autoplay/#web_audio @ https://testinginpractice.github.io/azbuka/?dbg=3:95
[  489373ms] [WARNING] The AudioContext was not allowed to start. It must be resumed (or created) after a user gesture on the page. https://developer.chrome.com/blog/autoplay/#web_audio @ https://testinginpractice.github.io/azbuka/?dbg=3:95
[  489573ms] [WARNING] The AudioContext was not allowed to start. It must be resumed (or created) after a user gesture on the page. https://developer.chrome.com/blog/autoplay/#web_audio @ https://testinginpractice.github.io/azbuka/?dbg=3:95
[  489773ms] [WARNING] The AudioContext was not allowed to start. It must be resumed (or created) after a user gesture on the page. https://developer.chrome.com/blog/autoplay/#web_audio @ https://testinginpractice.github.io/azbuka/?dbg=3:95
[  489974ms] [WARNING] The AudioContext was not allowed to start. It must be resumed (or created) after a user gesture on the page. https://developer.chrome.com/blog/autoplay/#web_audio @ https://testinginpractice.github.io/azbuka/?dbg=3:95
[  490173ms] [WARNING] The AudioContext was not allowed to start. It must be resumed (or created) after a user gesture on the page. https://developer.chrome.com/blog/autoplay/#web_audio @ https://testinginpractice.github.io/azbuka/?dbg=3:95
[  490373ms] [WARNING] The AudioContext was not allowed to start. It must be resumed (or created) after a user gesture on the page. https://developer.chrome.com/blog/autoplay/#web_audio @ https://testinginpractice.github.io/azbuka/?dbg=3:95
[  490573ms] [WARNING] The AudioContext was not allowed to start. It must be resumed (or created) after a user gesture on the page. https://developer.chrome.com/blog/autoplay/#web_audio @ https://testinginpractice.github.io/azbuka/?dbg=3:95
[  490773ms] [WARNING] The AudioContext was not allowed to start. It must be resumed (or created) after a user gesture on the page. https://developer.chrome.com/blog/autoplay/#web_audio @ https://testinginpractice.github.io/azbuka/?dbg=3:95
[  490973ms] [WARNING] The AudioContext was not allowed to start. It must be resumed (or created) after a user gesture on the page. https://developer.chrome.com/blog/autoplay/#web_audio @ https://testinginpractice.github.io/azbuka/?dbg=3:95
[  491173ms] [WARNING] The AudioContext was not allowed to start. It must be resumed (or created) after a user gesture on the page. https://developer.chrome.com/blog/autoplay/#web_audio @ https://testinginpractice.github.io/azbuka/?dbg=3:95
[  491373ms] [WARNING] The AudioContext was not allowed to start. It must be resumed (or created) after a user gesture on the page. https://developer.chrome.com/blog/autoplay/#web_audio @ https://testinginpractice.github.io/azbuka/?dbg=3:95
[  491573ms] [WARNING] The AudioContext was not allowed to start. It must be resumed (or created) after a user gesture on the page. https://developer.chrome.com/blog/autoplay/#web_audio @ https://testinginpractice.github.io/azbuka/?dbg=3:95
[  532879ms] [LOG] [INFO] MainMenu: game_button_pressed  data={"game":"find_letter","title":"Найди букву"} @ https://testinginpractice.github.io/azbuka/index.js:451
[ 1354663ms] [LOG] [INFO] FindLetterGame: back_button_pressed  @ https://testinginpractice.github.io/azbuka/index.js:451
[ 1393921ms] [LOG] [INFO] MainMenu: game_button_pressed  data={"game":"azbuka","title":"Азбука"} @ https://testinginpractice.github.io/azbuka/index.js:451
[ 1423908ms] [LOG] [INFO] AzbukaGame: letter_pressed  data={"letter":"А"} @ https://testinginpractice.github.io/azbuka/index.js:451
[ 1423909ms] [LOG] [INFO] nav: to_letter_card  data={"from":"azbuka","letter":"А"} @ https://testinginpractice.github.io/azbuka/index.js:451
[ 1424178ms] [LOG] [INFO] letter_card: ready  data={"index":0,"letter":"А"} @ https://testinginpractice.github.io/azbuka/index.js:451
[ 1490599ms] [LOG] [INFO] letter_card: letter_sound  data={"letter":"А"} @ https://testinginpractice.github.io/azbuka/index.js:451
[ 1746609ms] [LOG] [INFO] letter_card: letter_sound  data={"letter":"А"} @ https://testinginpractice.github.io/azbuka/index.js:451
[ 6683191ms] [LOG] [INFO] letter_card: letter_sound  data={"letter":"А"} @ https://testinginpractice.github.io/azbuka/index.js:451
