[     529ms] [WARNING] <meta name="apple-mobile-web-app-capable" content="yes"> is deprecated. Please include <meta name="mobile-web-app-capable" content="yes"> @ http://localhost:8773/:0
[    1726ms] [LOG] Godot Engine v4.6.3.stable.official.7d41c59c4 - https://godotengine.org @ http://localhost:8773/index.js:451
[    2433ms] [LOG] OpenGL API OpenGL ES 3.0 (WebGL 2.0 (OpenGL ES 3.0 Chromium)) - Compatibility - Using Device: WebKit - WebKit WebGL @ http://localhost:8773/index.js:451
[    2946ms] [LOG] Build configuration: Emscripten 4.0.20, single-threaded, no GDExtension support. @ http://localhost:8773/index.js:451
[    3212ms] [LOG] VARIANT C: player created in _ready(), playback_type=STREAM @ http://localhost:8773/index.js:451
[  122181ms] [LOG] TEST: click -> play_audio PCM file @ http://localhost:8773/index.js:451
[  122435ms] [LOG] MON 1 playing=true pos=0.227 stream_playing=true peak_db=-8.0 mix_rate=48000 latency=0.0880 @ http://localhost:8773/index.js:451
[  122675ms] [LOG] MON 1 playing=true pos=0.472 stream_playing=true peak_db=-8.0 mix_rate=48000 latency=0.0880 @ http://localhost:8773/index.js:451
[  122924ms] [LOG] MON 1 playing=true pos=0.707 stream_playing=true peak_db=-8.0 mix_rate=48000 latency=0.0880 @ http://localhost:8773/index.js:451
[  123174ms] [LOG] MON 1 playing=true pos=0.952 stream_playing=true peak_db=-8.0 mix_rate=48000 latency=0.0880 @ http://localhost:8773/index.js:451
[  123424ms] [LOG] MON 1 playing=false pos=0.000 stream_playing=false peak_db=-200.0 mix_rate=48000 latency=0.0880 @ http://localhost:8773/index.js:451
[  123675ms] [LOG] MON 1 playing=false pos=0.000 stream_playing=false peak_db=-200.0 mix_rate=48000 latency=0.0880 @ http://localhost:8773/index.js:451
[  123925ms] [LOG] MON 1 playing=false pos=0.000 stream_playing=false peak_db=-200.0 mix_rate=48000 latency=0.0880 @ http://localhost:8773/index.js:451
[  124175ms] [LOG] MON 1 playing=false pos=0.000 stream_playing=false peak_db=-200.0 mix_rate=48000 latency=0.0880 @ http://localhost:8773/index.js:451
[  124424ms] [LOG] MON 1 playing=false pos=0.000 stream_playing=false peak_db=-200.0 mix_rate=48000 latency=0.0880 @ http://localhost:8773/index.js:451
[  124676ms] [LOG] MON 1 playing=false pos=0.000 stream_playing=false peak_db=-200.0 mix_rate=48000 latency=0.0880 @ http://localhost:8773/index.js:451
[  124924ms] [LOG] MON 1 playing=false pos=0.000 stream_playing=false peak_db=-200.0 mix_rate=48000 latency=0.0880 @ http://localhost:8773/index.js:451
[  125179ms] [LOG] MON 1 playing=false pos=0.000 stream_playing=false peak_db=-200.0 mix_rate=48000 latency=0.0880 @ http://localhost:8773/index.js:451
[  125440ms] [LOG] MON 1 playing=false pos=0.000 stream_playing=false peak_db=-200.0 mix_rate=48000 latency=0.0880 @ http://localhost:8773/index.js:451
[  125690ms] [LOG] MON 1 playing=false pos=0.000 stream_playing=false peak_db=-200.0 mix_rate=48000 latency=0.0880 @ http://localhost:8773/index.js:451
[  125941ms] [LOG] MON 1 playing=false pos=0.000 stream_playing=false peak_db=-200.0 mix_rate=48000 latency=0.0880 @ http://localhost:8773/index.js:451
[  126191ms] [LOG] MON 1 playing=false pos=0.000 stream_playing=false peak_db=-200.0 mix_rate=48000 latency=0.0880 @ http://localhost:8773/index.js:451
[  126439ms] [LOG] MON 1 playing=false pos=0.000 stream_playing=false peak_db=-200.0 mix_rate=48000 latency=0.0880 @ http://localhost:8773/index.js:451
[  126692ms] [LOG] MON 1 playing=false pos=0.000 stream_playing=false peak_db=-200.0 mix_rate=48000 latency=0.0880 @ http://localhost:8773/index.js:451
[  126941ms] [LOG] MON 1 playing=false pos=0.000 stream_playing=false peak_db=-200.0 mix_rate=48000 latency=0.0880 @ http://localhost:8773/index.js:451
[  127191ms] [LOG] MON 1 playing=false pos=0.000 stream_playing=false peak_db=-200.0 mix_rate=48000 latency=0.0880 @ http://localhost:8773/index.js:451
[  127439ms] [LOG] MON 1 playing=false pos=0.000 stream_playing=false peak_db=-200.0 mix_rate=48000 latency=0.0880 @ http://localhost:8773/index.js:451
[  127690ms] [LOG] MON 1 playing=false pos=0.000 stream_playing=false peak_db=-200.0 mix_rate=48000 latency=0.0880 @ http://localhost:8773/index.js:451
[  127940ms] [LOG] MON 1 playing=false pos=0.000 stream_playing=false peak_db=-200.0 mix_rate=48000 latency=0.0880 @ http://localhost:8773/index.js:451
[  128190ms] [LOG] MON 1 playing=false pos=0.000 stream_playing=false peak_db=-200.0 mix_rate=48000 latency=0.0880 @ http://localhost:8773/index.js:451
[  128439ms] [LOG] MON 1 playing=false pos=0.000 stream_playing=false peak_db=-200.0 mix_rate=48000 latency=0.0880 @ http://localhost:8773/index.js:451
[  128688ms] [LOG] MON 1 playing=false pos=0.000 stream_playing=false peak_db=-200.0 mix_rate=48000 latency=0.0880 @ http://localhost:8773/index.js:451
[  128940ms] [LOG] MON 1 playing=false pos=0.000 stream_playing=false peak_db=-200.0 mix_rate=48000 latency=0.0880 @ http://localhost:8773/index.js:451
[  129192ms] [LOG] MON 1 playing=false pos=0.000 stream_playing=false peak_db=-200.0 mix_rate=48000 latency=0.0880 @ http://localhost:8773/index.js:451
[  129440ms] [LOG] MON 1 playing=false pos=0.000 stream_playing=false peak_db=-200.0 mix_rate=48000 latency=0.0880 @ http://localhost:8773/index.js:451
[  129690ms] [LOG] MON 1 playing=false pos=0.000 stream_playing=false peak_db=-200.0 mix_rate=48000 latency=0.0880 @ http://localhost:8773/index.js:451
[  129940ms] [LOG] MON 1 playing=false pos=0.000 stream_playing=false peak_db=-200.0 mix_rate=48000 latency=0.0880 @ http://localhost:8773/index.js:451
[  130189ms] [LOG] MON 1 playing=false pos=0.000 stream_playing=false peak_db=-200.0 mix_rate=48000 latency=0.0880 @ http://localhost:8773/index.js:451
[  130442ms] [LOG] MON 1 playing=false pos=0.000 stream_playing=false peak_db=-200.0 mix_rate=48000 latency=0.0880 @ http://localhost:8773/index.js:451
[  130691ms] [LOG] MON 1 playing=false pos=0.000 stream_playing=false peak_db=-200.0 mix_rate=48000 latency=0.0880 @ http://localhost:8773/index.js:451
[  130940ms] [LOG] MON 1 playing=false pos=0.000 stream_playing=false peak_db=-200.0 mix_rate=48000 latency=0.0880 @ http://localhost:8773/index.js:451
[  131189ms] [LOG] MON 1 playing=false pos=0.000 stream_playing=false peak_db=-200.0 mix_rate=48000 latency=0.0880 @ http://localhost:8773/index.js:451
[  131439ms] [LOG] MON 1 playing=false pos=0.000 stream_playing=false peak_db=-200.0 mix_rate=48000 latency=0.0880 @ http://localhost:8773/index.js:451
[  131690ms] [LOG] MON 1 playing=false pos=0.000 stream_playing=false peak_db=-200.0 mix_rate=48000 latency=0.0880 @ http://localhost:8773/index.js:451
[  131940ms] [LOG] MON 1 playing=false pos=0.000 stream_playing=false peak_db=-200.0 mix_rate=48000 latency=0.0880 @ http://localhost:8773/index.js:451
[  132190ms] [LOG] MON 1 playing=false pos=0.000 stream_playing=false peak_db=-200.0 mix_rate=48000 latency=0.0880 @ http://localhost:8773/index.js:451
[  132441ms] [LOG] MON 1 playing=false pos=0.000 stream_playing=false peak_db=-200.0 mix_rate=48000 latency=0.0880 @ http://localhost:8773/index.js:451
[  132690ms] [LOG] MON 1 playing=false pos=0.000 stream_playing=false peak_db=-200.0 mix_rate=48000 latency=0.0880 @ http://localhost:8773/index.js:451
[  132940ms] [LOG] MON 1 playing=false pos=0.000 stream_playing=false peak_db=-200.0 mix_rate=48000 latency=0.0880 @ http://localhost:8773/index.js:451
[  133190ms] [LOG] MON 1 playing=false pos=0.000 stream_playing=false peak_db=-200.0 mix_rate=48000 latency=0.0880 @ http://localhost:8773/index.js:451
[  133442ms] [LOG] MON 1 playing=false pos=0.000 stream_playing=false peak_db=-200.0 mix_rate=48000 latency=0.0880 @ http://localhost:8773/index.js:451
[  133691ms] [LOG] MON 1 playing=false pos=0.000 stream_playing=false peak_db=-200.0 mix_rate=48000 latency=0.0880 @ http://localhost:8773/index.js:451
[  133941ms] [LOG] MON 1 playing=false pos=0.000 stream_playing=false peak_db=-200.0 mix_rate=48000 latency=0.0880 @ http://localhost:8773/index.js:451
[  134190ms] [LOG] MON 1 playing=false pos=0.000 stream_playing=false peak_db=-200.0 mix_rate=48000 latency=0.0880 @ http://localhost:8773/index.js:451
[  134440ms] [LOG] MON 1 playing=false pos=0.000 stream_playing=false peak_db=-200.0 mix_rate=48000 latency=0.0880 @ http://localhost:8773/index.js:451
[  134690ms] [LOG] MON 1 playing=false pos=0.000 stream_playing=false peak_db=-200.0 mix_rate=48000 latency=0.0880 @ http://localhost:8773/index.js:451
[  134940ms] [LOG] MON 1 playing=false pos=0.000 stream_playing=false peak_db=-200.0 mix_rate=48000 latency=0.0880 @ http://localhost:8773/index.js:451
[  135190ms] [LOG] MON 1 playing=false pos=0.000 stream_playing=false peak_db=-200.0 mix_rate=48000 latency=0.0880 @ http://localhost:8773/index.js:451
[  135441ms] [LOG] MON 1 playing=false pos=0.000 stream_playing=false peak_db=-200.0 mix_rate=48000 latency=0.0880 @ http://localhost:8773/index.js:451
[  135691ms] [LOG] MON 1 playing=false pos=0.000 stream_playing=false peak_db=-200.0 mix_rate=48000 latency=0.0880 @ http://localhost:8773/index.js:451
[  135941ms] [LOG] MON 1 playing=false pos=0.000 stream_playing=false peak_db=-200.0 mix_rate=48000 latency=0.0880 @ http://localhost:8773/index.js:451
[  136192ms] [LOG] MON 1 playing=false pos=0.000 stream_playing=false peak_db=-200.0 mix_rate=48000 latency=0.0880 @ http://localhost:8773/index.js:451
[  136422ms] [LOG] MON 1 playing=false pos=0.000 stream_playing=false peak_db=-200.0 mix_rate=48000 latency=0.0880 @ http://localhost:8773/index.js:451
[  136673ms] [LOG] MON 1 playing=false pos=0.000 stream_playing=false peak_db=-200.0 mix_rate=48000 latency=0.0880 @ http://localhost:8773/index.js:451
[  136922ms] [LOG] MON 1 playing=false pos=0.000 stream_playing=false peak_db=-200.0 mix_rate=48000 latency=0.0880 @ http://localhost:8773/index.js:451
[  137173ms] [LOG] MON 1 playing=false pos=0.000 stream_playing=false peak_db=-200.0 mix_rate=48000 latency=0.0880 @ http://localhost:8773/index.js:451
[  137424ms] [LOG] MON 1 playing=false pos=0.000 stream_playing=false peak_db=-200.0 mix_rate=48000 latency=0.0880 @ http://localhost:8773/index.js:451
[  137678ms] [LOG] MON 1 playing=false pos=0.000 stream_playing=false peak_db=-200.0 mix_rate=48000 latency=0.0880 @ http://localhost:8773/index.js:451
[  137924ms] [LOG] MON 1 playing=false pos=0.000 stream_playing=false peak_db=-200.0 mix_rate=48000 latency=0.0880 @ http://localhost:8773/index.js:451
[  138174ms] [LOG] MON 1 playing=false pos=0.000 stream_playing=false peak_db=-200.0 mix_rate=48000 latency=0.0880 @ http://localhost:8773/index.js:451
[  138423ms] [LOG] MON 1 playing=false pos=0.000 stream_playing=false peak_db=-200.0 mix_rate=48000 latency=0.0880 @ http://localhost:8773/index.js:451
[  138674ms] [LOG] MON 1 playing=false pos=0.000 stream_playing=false peak_db=-200.0 mix_rate=48000 latency=0.0880 @ http://localhost:8773/index.js:451
[  138924ms] [LOG] MON 1 playing=false pos=0.000 stream_playing=false peak_db=-200.0 mix_rate=48000 latency=0.0880 @ http://localhost:8773/index.js:451
[  139174ms] [LOG] MON 1 playing=false pos=0.000 stream_playing=false peak_db=-200.0 mix_rate=48000 latency=0.0880 @ http://localhost:8773/index.js:451
[  139424ms] [LOG] MON 1 playing=false pos=0.000 stream_playing=false peak_db=-200.0 mix_rate=48000 latency=0.0880 @ http://localhost:8773/index.js:451
[  139674ms] [LOG] MON 1 playing=false pos=0.000 stream_playing=false peak_db=-200.0 mix_rate=48000 latency=0.0880 @ http://localhost:8773/index.js:451
[  139925ms] [LOG] MON 1 playing=false pos=0.000 stream_playing=false peak_db=-200.0 mix_rate=48000 latency=0.0880 @ http://localhost:8773/index.js:451
[  140176ms] [LOG] MON 1 playing=false pos=0.000 stream_playing=false peak_db=-200.0 mix_rate=48000 latency=0.0880 @ http://localhost:8773/index.js:451
[  140424ms] [LOG] MON 1 playing=false pos=0.000 stream_playing=false peak_db=-200.0 mix_rate=48000 latency=0.0880 @ http://localhost:8773/index.js:451
[  140674ms] [LOG] MON 1 playing=false pos=0.000 stream_playing=false peak_db=-200.0 mix_rate=48000 latency=0.0880 @ http://localhost:8773/index.js:451
[  140925ms] [LOG] MON 1 playing=false pos=0.000 stream_playing=false peak_db=-200.0 mix_rate=48000 latency=0.0880 @ http://localhost:8773/index.js:451
[  141174ms] [LOG] MON 1 playing=false pos=0.000 stream_playing=false peak_db=-200.0 mix_rate=48000 latency=0.0880 @ http://localhost:8773/index.js:451
[  141424ms] [LOG] MON 1 playing=false pos=0.000 stream_playing=false peak_db=-200.0 mix_rate=48000 latency=0.0880 @ http://localhost:8773/index.js:451
[  141675ms] [LOG] MON 1 playing=false pos=0.000 stream_playing=false peak_db=-200.0 mix_rate=48000 latency=0.0880 @ http://localhost:8773/index.js:451
[  141923ms] [LOG] MON 1 playing=false pos=0.000 stream_playing=false peak_db=-200.0 mix_rate=48000 latency=0.0880 @ http://localhost:8773/index.js:451
[  142176ms] [LOG] MON 1 playing=false pos=0.000 stream_playing=false peak_db=-200.0 mix_rate=48000 latency=0.0880 @ http://localhost:8773/index.js:451
[  142424ms] [LOG] MON 1 playing=false pos=0.000 stream_playing=false peak_db=-200.0 mix_rate=48000 latency=0.0880 @ http://localhost:8773/index.js:451
[  142674ms] [LOG] MON 1 playing=false pos=0.000 stream_playing=false peak_db=-200.0 mix_rate=48000 latency=0.0880 @ http://localhost:8773/index.js:451
[  142924ms] [LOG] MON 1 playing=false pos=0.000 stream_playing=false peak_db=-200.0 mix_rate=48000 latency=0.0880 @ http://localhost:8773/index.js:451
[  143174ms] [LOG] MON 1 playing=false pos=0.000 stream_playing=false peak_db=-200.0 mix_rate=48000 latency=0.0880 @ http://localhost:8773/index.js:451
[  143423ms] [LOG] MON 1 playing=false pos=0.000 stream_playing=false peak_db=-200.0 mix_rate=48000 latency=0.0880 @ http://localhost:8773/index.js:451
[  143673ms] [LOG] MON 1 playing=false pos=0.000 stream_playing=false peak_db=-200.0 mix_rate=48000 latency=0.0880 @ http://localhost:8773/index.js:451
[  143924ms] [LOG] MON 1 playing=false pos=0.000 stream_playing=false peak_db=-200.0 mix_rate=48000 latency=0.0880 @ http://localhost:8773/index.js:451
[  144175ms] [LOG] MON 1 playing=false pos=0.000 stream_playing=false peak_db=-200.0 mix_rate=48000 latency=0.0880 @ http://localhost:8773/index.js:451
[  144426ms] [LOG] MON 1 playing=false pos=0.000 stream_playing=false peak_db=-200.0 mix_rate=48000 latency=0.0880 @ http://localhost:8773/index.js:451
[  144673ms] [LOG] MON 1 playing=false pos=0.000 stream_playing=false peak_db=-200.0 mix_rate=48000 latency=0.0880 @ http://localhost:8773/index.js:451
[  144924ms] [LOG] MON 1 playing=false pos=0.000 stream_playing=false peak_db=-200.0 mix_rate=48000 latency=0.0880 @ http://localhost:8773/index.js:451
[  145173ms] [LOG] MON 1 playing=false pos=0.000 stream_playing=false peak_db=-200.0 mix_rate=48000 latency=0.0880 @ http://localhost:8773/index.js:451
[  145425ms] [LOG] MON 1 playing=false pos=0.000 stream_playing=false peak_db=-200.0 mix_rate=48000 latency=0.0880 @ http://localhost:8773/index.js:451
[  145675ms] [LOG] MON 1 playing=false pos=0.000 stream_playing=false peak_db=-200.0 mix_rate=48000 latency=0.0880 @ http://localhost:8773/index.js:451
[  145925ms] [LOG] MON 1 playing=false pos=0.000 stream_playing=false peak_db=-200.0 mix_rate=48000 latency=0.0880 @ http://localhost:8773/index.js:451
[  146173ms] [LOG] MON 1 playing=false pos=0.000 stream_playing=false peak_db=-200.0 mix_rate=48000 latency=0.0880 @ http://localhost:8773/index.js:451
[  146424ms] [LOG] MON 1 playing=false pos=0.000 stream_playing=false peak_db=-200.0 mix_rate=48000 latency=0.0880 @ http://localhost:8773/index.js:451
[  146673ms] [LOG] MON 1 playing=false pos=0.000 stream_playing=false peak_db=-200.0 mix_rate=48000 latency=0.0880 @ http://localhost:8773/index.js:451
[  146924ms] [LOG] MON 1 playing=false pos=0.000 stream_playing=false peak_db=-200.0 mix_rate=48000 latency=0.0880 @ http://localhost:8773/index.js:451
[  147174ms] [LOG] MON 1 playing=false pos=0.000 stream_playing=false peak_db=-200.0 mix_rate=48000 latency=0.0880 @ http://localhost:8773/index.js:451
[  147422ms] [LOG] MON 1 playing=false pos=0.000 stream_playing=false peak_db=-200.0 mix_rate=48000 latency=0.0880 @ http://localhost:8773/index.js:451
[  147674ms] [LOG] MON 1 playing=false pos=0.000 stream_playing=false peak_db=-200.0 mix_rate=48000 latency=0.0880 @ http://localhost:8773/index.js:451
[  147925ms] [LOG] MON 1 playing=false pos=0.000 stream_playing=false peak_db=-200.0 mix_rate=48000 latency=0.0880 @ http://localhost:8773/index.js:451
[  148175ms] [LOG] MON 1 playing=false pos=0.000 stream_playing=false peak_db=-200.0 mix_rate=48000 latency=0.0880 @ http://localhost:8773/index.js:451
[  148422ms] [LOG] MON 1 playing=false pos=0.000 stream_playing=false peak_db=-200.0 mix_rate=48000 latency=0.0880 @ http://localhost:8773/index.js:451
[  148674ms] [LOG] MON 1 playing=false pos=0.000 stream_playing=false peak_db=-200.0 mix_rate=48000 latency=0.0880 @ http://localhost:8773/index.js:451
[  148924ms] [LOG] MON 1 playing=false pos=0.000 stream_playing=false peak_db=-200.0 mix_rate=48000 latency=0.0880 @ http://localhost:8773/index.js:451
[  149175ms] [LOG] MON 1 playing=false pos=0.000 stream_playing=false peak_db=-200.0 mix_rate=48000 latency=0.0880 @ http://localhost:8773/index.js:451
[  149423ms] [LOG] MON 1 playing=false pos=0.000 stream_playing=false peak_db=-200.0 mix_rate=48000 latency=0.0880 @ http://localhost:8773/index.js:451
[  149674ms] [LOG] MON 1 playing=false pos=0.000 stream_playing=false peak_db=-200.0 mix_rate=48000 latency=0.0880 @ http://localhost:8773/index.js:451
[  149924ms] [LOG] MON 1 playing=false pos=0.000 stream_playing=false peak_db=-200.0 mix_rate=48000 latency=0.0880 @ http://localhost:8773/index.js:451
[  150173ms] [LOG] MON 1 playing=false pos=0.000 stream_playing=false peak_db=-200.0 mix_rate=48000 latency=0.0880 @ http://localhost:8773/index.js:451
[  150422ms] [LOG] MON 1 playing=false pos=0.000 stream_playing=false peak_db=-200.0 mix_rate=48000 latency=0.0880 @ http://localhost:8773/index.js:451
[  150673ms] [LOG] MON 1 playing=false pos=0.000 stream_playing=false peak_db=-200.0 mix_rate=48000 latency=0.0880 @ http://localhost:8773/index.js:451
[  150923ms] [LOG] MON 1 playing=false pos=0.000 stream_playing=false peak_db=-200.0 mix_rate=48000 latency=0.0880 @ http://localhost:8773/index.js:451
[  151173ms] [LOG] MON 1 playing=false pos=0.000 stream_playing=false peak_db=-200.0 mix_rate=48000 latency=0.0880 @ http://localhost:8773/index.js:451
[  151426ms] [LOG] MON 1 playing=false pos=0.000 stream_playing=false peak_db=-200.0 mix_rate=48000 latency=0.0880 @ http://localhost:8773/index.js:451
[  151674ms] [LOG] MON 1 playing=false pos=0.000 stream_playing=false peak_db=-200.0 mix_rate=48000 latency=0.0880 @ http://localhost:8773/index.js:451
[  151924ms] [LOG] MON 1 playing=false pos=0.000 stream_playing=false peak_db=-200.0 mix_rate=48000 latency=0.0880 @ http://localhost:8773/index.js:451
[  152174ms] [LOG] MON 1 playing=false pos=0.000 stream_playing=false peak_db=-200.0 mix_rate=48000 latency=0.0880 @ http://localhost:8773/index.js:451
[  152424ms] [LOG] MON 1 playing=false pos=0.000 stream_playing=false peak_db=-200.0 mix_rate=48000 latency=0.0880 @ http://localhost:8773/index.js:451
[  152673ms] [LOG] MON 1 playing=false pos=0.000 stream_playing=false peak_db=-200.0 mix_rate=48000 latency=0.0880 @ http://localhost:8773/index.js:451
[  152924ms] [LOG] MON 1 playing=false pos=0.000 stream_playing=false peak_db=-200.0 mix_rate=48000 latency=0.0880 @ http://localhost:8773/index.js:451
[  153174ms] [LOG] MON 1 playing=false pos=0.000 stream_playing=false peak_db=-200.0 mix_rate=48000 latency=0.0880 @ http://localhost:8773/index.js:451
[  153424ms] [LOG] MON 1 playing=false pos=0.000 stream_playing=false peak_db=-200.0 mix_rate=48000 latency=0.0880 @ http://localhost:8773/index.js:451
[  153675ms] [LOG] MON 1 playing=false pos=0.000 stream_playing=false peak_db=-200.0 mix_rate=48000 latency=0.0880 @ http://localhost:8773/index.js:451
[  153924ms] [LOG] MON 1 playing=false pos=0.000 stream_playing=false peak_db=-200.0 mix_rate=48000 latency=0.0880 @ http://localhost:8773/index.js:451
[  154175ms] [LOG] MON 1 playing=false pos=0.000 stream_playing=false peak_db=-200.0 mix_rate=48000 latency=0.0880 @ http://localhost:8773/index.js:451
[  154425ms] [LOG] MON 1 playing=false pos=0.000 stream_playing=false peak_db=-200.0 mix_rate=48000 latency=0.0880 @ http://localhost:8773/index.js:451
[  154686ms] [LOG] MON 1 playing=false pos=0.000 stream_playing=false peak_db=-200.0 mix_rate=48000 latency=0.0880 @ http://localhost:8773/index.js:451
[  154922ms] [LOG] MON 1 playing=false pos=0.000 stream_playing=false peak_db=-200.0 mix_rate=48000 latency=0.0880 @ http://localhost:8773/index.js:451
[  155181ms] [LOG] MON 1 playing=false pos=0.000 stream_playing=false peak_db=-200.0 mix_rate=48000 latency=0.0880 @ http://localhost:8773/index.js:451
[  155442ms] [LOG] MON 1 playing=false pos=0.000 stream_playing=false peak_db=-200.0 mix_rate=48000 latency=0.0880 @ http://localhost:8773/index.js:451
[  155688ms] [LOG] MON 1 playing=false pos=0.000 stream_playing=false peak_db=-200.0 mix_rate=48000 latency=0.0880 @ http://localhost:8773/index.js:451
[  155940ms] [LOG] MON 1 playing=false pos=0.000 stream_playing=false peak_db=-200.0 mix_rate=48000 latency=0.0880 @ http://localhost:8773/index.js:451
[  156189ms] [LOG] MON 1 playing=false pos=0.000 stream_playing=false peak_db=-200.0 mix_rate=48000 latency=0.0880 @ http://localhost:8773/index.js:451
[  156439ms] [LOG] MON 1 playing=false pos=0.000 stream_playing=false peak_db=-200.0 mix_rate=48000 latency=0.0880 @ http://localhost:8773/index.js:451
[  156689ms] [LOG] MON 1 playing=false pos=0.000 stream_playing=false peak_db=-200.0 mix_rate=48000 latency=0.0880 @ http://localhost:8773/index.js:451
[  156941ms] [LOG] MON 1 playing=false pos=0.000 stream_playing=false peak_db=-200.0 mix_rate=48000 latency=0.0880 @ http://localhost:8773/index.js:451
[  157191ms] [LOG] MON 1 playing=false pos=0.000 stream_playing=false peak_db=-200.0 mix_rate=48000 latency=0.0880 @ http://localhost:8773/index.js:451
[  157441ms] [LOG] MON 1 playing=false pos=0.000 stream_playing=false peak_db=-200.0 mix_rate=48000 latency=0.0880 @ http://localhost:8773/index.js:451
[  157692ms] [LOG] MON 1 playing=false pos=0.000 stream_playing=false peak_db=-200.0 mix_rate=48000 latency=0.0880 @ http://localhost:8773/index.js:451
[  157942ms] [LOG] MON 1 playing=false pos=0.000 stream_playing=false peak_db=-200.0 mix_rate=48000 latency=0.0880 @ http://localhost:8773/index.js:451
[  158193ms] [LOG] MON 1 playing=false pos=0.000 stream_playing=false peak_db=-200.0 mix_rate=48000 latency=0.0880 @ http://localhost:8773/index.js:451
[  158444ms] [LOG] MON 1 playing=false pos=0.000 stream_playing=false peak_db=-200.0 mix_rate=48000 latency=0.0880 @ http://localhost:8773/index.js:451
[  158693ms] [LOG] MON 1 playing=false pos=0.000 stream_playing=false peak_db=-200.0 mix_rate=48000 latency=0.0880 @ http://localhost:8773/index.js:451
[  158945ms] [LOG] MON 1 playing=false pos=0.000 stream_playing=false peak_db=-200.0 mix_rate=48000 latency=0.0880 @ http://localhost:8773/index.js:451
[  159196ms] [LOG] MON 1 playing=false pos=0.000 stream_playing=false peak_db=-200.0 mix_rate=48000 latency=0.0880 @ http://localhost:8773/index.js:451
[  159445ms] [LOG] MON 1 playing=false pos=0.000 stream_playing=false peak_db=-200.0 mix_rate=48000 latency=0.0880 @ http://localhost:8773/index.js:451
[  159696ms] [LOG] MON 1 playing=false pos=0.000 stream_playing=false peak_db=-200.0 mix_rate=48000 latency=0.0880 @ http://localhost:8773/index.js:451
[ 1075618ms] [LOG] MON 1 playing=false pos=0.000 stream_playing=false peak_db=-200.0 mix_rate=48000 latency=0.0880 @ http://localhost:8773/index.js:451
[ 1075830ms] [LOG] MON 1 playing=false pos=0.000 stream_playing=false peak_db=-200.0 mix_rate=48000 latency=0.0880 @ http://localhost:8773/index.js:451
[ 1076068ms] [LOG] MON 1 playing=false pos=0.000 stream_playing=false peak_db=-200.0 mix_rate=48000 latency=0.0880 @ http://localhost:8773/index.js:451
[ 1076324ms] [LOG] MON 1 playing=false pos=0.000 stream_playing=false peak_db=-200.0 mix_rate=48000 latency=0.0880 @ http://localhost:8773/index.js:451
[ 1076569ms] [LOG] MON 1 playing=false pos=0.000 stream_playing=false peak_db=-200.0 mix_rate=48000 latency=0.0880 @ http://localhost:8773/index.js:451
[ 1076838ms] [LOG] MON 1 playing=false pos=0.000 stream_playing=false peak_db=-200.0 mix_rate=48000 latency=0.0880 @ http://localhost:8773/index.js:451
[ 1077067ms] [LOG] MON 1 playing=false pos=0.000 stream_playing=false peak_db=-200.0 mix_rate=48000 latency=0.0880 @ http://localhost:8773/index.js:451
[ 1077319ms] [LOG] MON 1 playing=false pos=0.000 stream_playing=false peak_db=-200.0 mix_rate=48000 latency=0.0880 @ http://localhost:8773/index.js:451
[ 1077571ms] [LOG] MON 1 playing=false pos=0.000 stream_playing=false peak_db=-200.0 mix_rate=48000 latency=0.0880 @ http://localhost:8773/index.js:451
[ 1077915ms] [LOG] MON 1 playing=false pos=0.000 stream_playing=false peak_db=-200.0 mix_rate=48000 latency=0.0880 @ http://localhost:8773/index.js:451
[ 1078140ms] [LOG] MON 1 playing=false pos=0.000 stream_playing=false peak_db=-200.0 mix_rate=48000 latency=0.0880 @ http://localhost:8773/index.js:451
[ 1078457ms] [LOG] MON 1 playing=false pos=0.000 stream_playing=false peak_db=-200.0 mix_rate=48000 latency=0.0880 @ http://localhost:8773/index.js:451
[ 1078692ms] [LOG] MON 1 playing=false pos=0.000 stream_playing=false peak_db=-200.0 mix_rate=48000 latency=0.0880 @ http://localhost:8773/index.js:451
[ 1078943ms] [LOG] MON 1 playing=false pos=0.000 stream_playing=false peak_db=-200.0 mix_rate=48000 latency=0.0880 @ http://localhost:8773/index.js:451
[ 1079192ms] [LOG] MON 1 playing=false pos=0.000 stream_playing=false peak_db=-200.0 mix_rate=48000 latency=0.0880 @ http://localhost:8773/index.js:451
[ 1079442ms] [LOG] MON 1 playing=false pos=0.000 stream_playing=false peak_db=-200.0 mix_rate=48000 latency=0.0880 @ http://localhost:8773/index.js:451
[ 1079708ms] [LOG] MON 1 playing=false pos=0.000 stream_playing=false peak_db=-200.0 mix_rate=48000 latency=0.0880 @ http://localhost:8773/index.js:451
[ 1079960ms] [LOG] MON 1 playing=false pos=0.000 stream_playing=false peak_db=-200.0 mix_rate=48000 latency=0.0880 @ http://localhost:8773/index.js:451
[ 1080209ms] [LOG] MON 1 playing=false pos=0.000 stream_playing=false peak_db=-200.0 mix_rate=48000 latency=0.0880 @ http://localhost:8773/index.js:451
[ 1080443ms] [LOG] MON 1 playing=false pos=0.000 stream_playing=false peak_db=-200.0 mix_rate=48000 latency=0.0880 @ http://localhost:8773/index.js:451
[ 2017550ms] [LOG] MON 1 playing=false pos=0.000 stream_playing=false peak_db=-200.0 mix_rate=48000 latency=0.0880 @ http://localhost:8773/index.js:451
[ 2017750ms] [LOG] MON 1 playing=false pos=0.000 stream_playing=false peak_db=-200.0 mix_rate=48000 latency=0.0880 @ http://localhost:8773/index.js:451
[ 2017990ms] [LOG] MON 1 playing=false pos=0.000 stream_playing=false peak_db=-200.0 mix_rate=48000 latency=0.0880 @ http://localhost:8773/index.js:451
[ 2018238ms] [LOG] MON 1 playing=false pos=0.000 stream_playing=false peak_db=-200.0 mix_rate=48000 latency=0.0880 @ http://localhost:8773/index.js:451
[ 2018490ms] [LOG] MON 1 playing=false pos=0.000 stream_playing=false peak_db=-200.0 mix_rate=48000 latency=0.0880 @ http://localhost:8773/index.js:451
[ 2018740ms] [LOG] MON 1 playing=false pos=0.000 stream_playing=false peak_db=-200.0 mix_rate=48000 latency=0.0880 @ http://localhost:8773/index.js:451
[ 2018989ms] [LOG] MON 1 playing=false pos=0.000 stream_playing=false peak_db=-200.0 mix_rate=48000 latency=0.0880 @ http://localhost:8773/index.js:451
[ 2019241ms] [LOG] MON 1 playing=false pos=0.000 stream_playing=false peak_db=-200.0 mix_rate=48000 latency=0.0880 @ http://localhost:8773/index.js:451
[ 2019507ms] [LOG] MON 1 playing=false pos=0.000 stream_playing=false peak_db=-200.0 mix_rate=48000 latency=0.0880 @ http://localhost:8773/index.js:451
[ 2019781ms] [LOG] MON 1 playing=false pos=0.000 stream_playing=false peak_db=-200.0 mix_rate=48000 latency=0.0880 @ http://localhost:8773/index.js:451
[ 2020033ms] [LOG] MON 1 playing=false pos=0.000 stream_playing=false peak_db=-200.0 mix_rate=48000 latency=0.0880 @ http://localhost:8773/index.js:451
[ 2020240ms] [LOG] MON 1 playing=false pos=0.000 stream_playing=false peak_db=-200.0 mix_rate=48000 latency=0.0880 @ http://localhost:8773/index.js:451
[ 2020491ms] [LOG] MON 1 playing=false pos=0.000 stream_playing=false peak_db=-200.0 mix_rate=48000 latency=0.0880 @ http://localhost:8773/index.js:451
[ 2020742ms] [LOG] MON 1 playing=false pos=0.000 stream_playing=false peak_db=-200.0 mix_rate=48000 latency=0.0880 @ http://localhost:8773/index.js:451
[ 2020990ms] [LOG] MON 1 playing=false pos=0.000 stream_playing=false peak_db=-200.0 mix_rate=48000 latency=0.0880 @ http://localhost:8773/index.js:451
[ 2021246ms] [LOG] MON 1 playing=false pos=0.000 stream_playing=false peak_db=-200.0 mix_rate=48000 latency=0.0880 @ http://localhost:8773/index.js:451
[ 2021507ms] [LOG] MON 1 playing=false pos=0.000 stream_playing=false peak_db=-200.0 mix_rate=48000 latency=0.0880 @ http://localhost:8773/index.js:451
[ 2021759ms] [LOG] MON 1 playing=false pos=0.000 stream_playing=false peak_db=-200.0 mix_rate=48000 latency=0.0880 @ http://localhost:8773/index.js:451
[ 2022005ms] [LOG] MON 1 playing=false pos=0.000 stream_playing=false peak_db=-200.0 mix_rate=48000 latency=0.0880 @ http://localhost:8773/index.js:451
[ 2022255ms] [LOG] MON 1 playing=false pos=0.000 stream_playing=false peak_db=-200.0 mix_rate=48000 latency=0.0880 @ http://localhost:8773/index.js:451
[ 2022505ms] [LOG] MON 1 playing=false pos=0.000 stream_playing=false peak_db=-200.0 mix_rate=48000 latency=0.0880 @ http://localhost:8773/index.js:451
[ 3013525ms] [LOG] MON 1 playing=false pos=0.000 stream_playing=false peak_db=-200.0 mix_rate=48000 latency=0.0880 @ http://localhost:8773/index.js:451
[ 3013756ms] [LOG] MON 1 playing=false pos=0.000 stream_playing=false peak_db=-200.0 mix_rate=48000 latency=0.0880 @ http://localhost:8773/index.js:451
[ 3013987ms] [LOG] MON 1 playing=false pos=0.000 stream_playing=false peak_db=-200.0 mix_rate=48000 latency=0.0880 @ http://localhost:8773/index.js:451
[ 3014237ms] [LOG] MON 1 playing=false pos=0.000 stream_playing=false peak_db=-200.0 mix_rate=48000 latency=0.0880 @ http://localhost:8773/index.js:451
[ 3014490ms] [LOG] MON 1 playing=false pos=0.000 stream_playing=false peak_db=-200.0 mix_rate=48000 latency=0.0880 @ http://localhost:8773/index.js:451
[ 3014737ms] [LOG] MON 1 playing=false pos=0.000 stream_playing=false peak_db=-200.0 mix_rate=48000 latency=0.0880 @ http://localhost:8773/index.js:451
[ 3014986ms] [LOG] MON 1 playing=false pos=0.000 stream_playing=false peak_db=-200.0 mix_rate=48000 latency=0.0880 @ http://localhost:8773/index.js:451
[ 3015235ms] [LOG] MON 1 playing=false pos=0.000 stream_playing=false peak_db=-200.0 mix_rate=48000 latency=0.0880 @ http://localhost:8773/index.js:451
[ 3015483ms] [LOG] MON 1 playing=false pos=0.000 stream_playing=false peak_db=-200.0 mix_rate=48000 latency=0.0880 @ http://localhost:8773/index.js:451
[ 3015734ms] [LOG] MON 1 playing=false pos=0.000 stream_playing=false peak_db=-200.0 mix_rate=48000 latency=0.0880 @ http://localhost:8773/index.js:451
[ 3015985ms] [LOG] MON 1 playing=false pos=0.000 stream_playing=false peak_db=-200.0 mix_rate=48000 latency=0.0880 @ http://localhost:8773/index.js:451
[ 3016236ms] [LOG] MON 1 playing=false pos=0.000 stream_playing=false peak_db=-200.0 mix_rate=48000 latency=0.0880 @ http://localhost:8773/index.js:451
[ 3016490ms] [LOG] MON 1 playing=false pos=0.000 stream_playing=false peak_db=-200.0 mix_rate=48000 latency=0.0880 @ http://localhost:8773/index.js:451
[ 3016733ms] [LOG] MON 1 playing=false pos=0.000 stream_playing=false peak_db=-200.0 mix_rate=48000 latency=0.0880 @ http://localhost:8773/index.js:451
[ 3016983ms] [LOG] MON 1 playing=false pos=0.000 stream_playing=false peak_db=-200.0 mix_rate=48000 latency=0.0880 @ http://localhost:8773/index.js:451
[ 3017252ms] [LOG] MON 1 playing=false pos=0.000 stream_playing=false peak_db=-200.0 mix_rate=48000 latency=0.0880 @ http://localhost:8773/index.js:451
[ 3017499ms] [LOG] MON 1 playing=false pos=0.000 stream_playing=false peak_db=-200.0 mix_rate=48000 latency=0.0880 @ http://localhost:8773/index.js:451
[ 3017754ms] [LOG] MON 1 playing=false pos=0.000 stream_playing=false peak_db=-200.0 mix_rate=48000 latency=0.0880 @ http://localhost:8773/index.js:451
[ 3018005ms] [LOG] MON 1 playing=false pos=0.000 stream_playing=false peak_db=-200.0 mix_rate=48000 latency=0.0880 @ http://localhost:8773/index.js:451
[ 3018253ms] [LOG] MON 1 playing=false pos=0.000 stream_playing=false peak_db=-200.0 mix_rate=48000 latency=0.0880 @ http://localhost:8773/index.js:451
[ 3018502ms] [LOG] MON 1 playing=false pos=0.000 stream_playing=false peak_db=-200.0 mix_rate=48000 latency=0.0880 @ http://localhost:8773/index.js:451
[ 3947535ms] [LOG] MON 1 playing=false pos=0.000 stream_playing=false peak_db=-200.0 mix_rate=48000 latency=0.0880 @ http://localhost:8773/index.js:451
[ 3947797ms] [LOG] MON 1 playing=false pos=0.000 stream_playing=false peak_db=-200.0 mix_rate=48000 latency=0.0880 @ http://localhost:8773/index.js:451
[ 3948038ms] [LOG] MON 1 playing=false pos=0.000 stream_playing=false peak_db=-200.0 mix_rate=48000 latency=0.0880 @ http://localhost:8773/index.js:451
[ 3948270ms] [LOG] MON 1 playing=false pos=0.000 stream_playing=false peak_db=-200.0 mix_rate=48000 latency=0.0880 @ http://localhost:8773/index.js:451
[ 3948526ms] [LOG] MON 1 playing=false pos=0.000 stream_playing=false peak_db=-200.0 mix_rate=48000 latency=0.0880 @ http://localhost:8773/index.js:451
[ 3948775ms] [LOG] MON 1 playing=false pos=0.000 stream_playing=false peak_db=-200.0 mix_rate=48000 latency=0.0880 @ http://localhost:8773/index.js:451
[ 3949005ms] [LOG] MON 1 playing=false pos=0.000 stream_playing=false peak_db=-200.0 mix_rate=48000 latency=0.0880 @ http://localhost:8773/index.js:451
[ 3949254ms] [LOG] MON 1 playing=false pos=0.000 stream_playing=false peak_db=-200.0 mix_rate=48000 latency=0.0880 @ http://localhost:8773/index.js:451
[ 3949507ms] [LOG] MON 1 playing=false pos=0.000 stream_playing=false peak_db=-200.0 mix_rate=48000 latency=0.0880 @ http://localhost:8773/index.js:451
[ 3949755ms] [LOG] MON 1 playing=false pos=0.000 stream_playing=false peak_db=-200.0 mix_rate=48000 latency=0.0880 @ http://localhost:8773/index.js:451
[ 3950003ms] [LOG] MON 1 playing=false pos=0.000 stream_playing=false peak_db=-200.0 mix_rate=48000 latency=0.0880 @ http://localhost:8773/index.js:451
[ 3950255ms] [LOG] MON 1 playing=false pos=0.000 stream_playing=false peak_db=-200.0 mix_rate=48000 latency=0.0880 @ http://localhost:8773/index.js:451
[ 3950508ms] [LOG] MON 1 playing=false pos=0.000 stream_playing=false peak_db=-200.0 mix_rate=48000 latency=0.0880 @ http://localhost:8773/index.js:451
[ 3950757ms] [LOG] MON 1 playing=false pos=0.000 stream_playing=false peak_db=-200.0 mix_rate=48000 latency=0.0880 @ http://localhost:8773/index.js:451
[ 3951022ms] [LOG] MON 1 playing=false pos=0.000 stream_playing=false peak_db=-200.0 mix_rate=48000 latency=0.0880 @ http://localhost:8773/index.js:451
[ 3951288ms] [LOG] MON 1 playing=false pos=0.000 stream_playing=false peak_db=-200.0 mix_rate=48000 latency=0.0880 @ http://localhost:8773/index.js:451
[ 3951525ms] [LOG] MON 1 playing=false pos=0.000 stream_playing=false peak_db=-200.0 mix_rate=48000 latency=0.0880 @ http://localhost:8773/index.js:451
[ 3951772ms] [LOG] MON 1 playing=false pos=0.000 stream_playing=false peak_db=-200.0 mix_rate=48000 latency=0.0880 @ http://localhost:8773/index.js:451
[ 3952024ms] [LOG] MON 1 playing=false pos=0.000 stream_playing=false peak_db=-200.0 mix_rate=48000 latency=0.0880 @ http://localhost:8773/index.js:451
[ 3952290ms] [LOG] MON 1 playing=false pos=0.000 stream_playing=false peak_db=-200.0 mix_rate=48000 latency=0.0880 @ http://localhost:8773/index.js:451
[ 3952541ms] [LOG] MON 1 playing=false pos=0.000 stream_playing=false peak_db=-200.0 mix_rate=48000 latency=0.0880 @ http://localhost:8773/index.js:451
[ 3952773ms] [LOG] MON 1 playing=false pos=0.000 stream_playing=false peak_db=-200.0 mix_rate=48000 latency=0.0880 @ http://localhost:8773/index.js:451
[ 4989598ms] [LOG] MON 1 playing=false pos=0.000 stream_playing=false peak_db=-200.0 mix_rate=48000 latency=0.0880 @ http://localhost:8773/index.js:451
[ 4989846ms] [LOG] MON 1 playing=false pos=0.000 stream_playing=false peak_db=-200.0 mix_rate=48000 latency=0.0880 @ http://localhost:8773/index.js:451
[ 4990096ms] [LOG] MON 1 playing=false pos=0.000 stream_playing=false peak_db=-200.0 mix_rate=48000 latency=0.0880 @ http://localhost:8773/index.js:451
[ 4990348ms] [LOG] MON 1 playing=false pos=0.000 stream_playing=false peak_db=-200.0 mix_rate=48000 latency=0.0880 @ http://localhost:8773/index.js:451
[ 4990597ms] [LOG] MON 1 playing=false pos=0.000 stream_playing=false peak_db=-200.0 mix_rate=48000 latency=0.0880 @ http://localhost:8773/index.js:451
[ 4990849ms] [LOG] MON 1 playing=false pos=0.000 stream_playing=false peak_db=-200.0 mix_rate=48000 latency=0.0880 @ http://localhost:8773/index.js:451
[ 4991098ms] [LOG] MON 1 playing=false pos=0.000 stream_playing=false peak_db=-200.0 mix_rate=48000 latency=0.0880 @ http://localhost:8773/index.js:451
[ 4991385ms] [LOG] MON 1 playing=false pos=0.000 stream_playing=false peak_db=-200.0 mix_rate=48000 latency=0.0880 @ http://localhost:8773/index.js:451
[ 4991615ms] [LOG] MON 1 playing=false pos=0.000 stream_playing=false peak_db=-200.0 mix_rate=48000 latency=0.0880 @ http://localhost:8773/index.js:451
[ 4991864ms] [LOG] MON 1 playing=false pos=0.000 stream_playing=false peak_db=-200.0 mix_rate=48000 latency=0.0880 @ http://localhost:8773/index.js:451
[ 4992158ms] [LOG] MON 1 playing=false pos=0.000 stream_playing=false peak_db=-200.0 mix_rate=48000 latency=0.0880 @ http://localhost:8773/index.js:451
[ 4992405ms] [LOG] MON 1 playing=false pos=0.000 stream_playing=false peak_db=-200.0 mix_rate=48000 latency=0.0880 @ http://localhost:8773/index.js:451
[ 4992692ms] [LOG] MON 1 playing=false pos=0.000 stream_playing=false peak_db=-200.0 mix_rate=48000 latency=0.0880 @ http://localhost:8773/index.js:451
[ 4992922ms] [LOG] MON 1 playing=false pos=0.000 stream_playing=false peak_db=-200.0 mix_rate=48000 latency=0.0880 @ http://localhost:8773/index.js:451
[ 4993172ms] [LOG] MON 1 playing=false pos=0.000 stream_playing=false peak_db=-200.0 mix_rate=48000 latency=0.0880 @ http://localhost:8773/index.js:451
[ 4993422ms] [LOG] MON 1 playing=false pos=0.000 stream_playing=false peak_db=-200.0 mix_rate=48000 latency=0.0880 @ http://localhost:8773/index.js:451
[ 4993672ms] [LOG] MON 1 playing=false pos=0.000 stream_playing=false peak_db=-200.0 mix_rate=48000 latency=0.0880 @ http://localhost:8773/index.js:451
[ 4993924ms] [LOG] MON 1 playing=false pos=0.000 stream_playing=false peak_db=-200.0 mix_rate=48000 latency=0.0880 @ http://localhost:8773/index.js:451
[ 4994168ms] [LOG] MON 1 playing=false pos=0.000 stream_playing=false peak_db=-200.0 mix_rate=48000 latency=0.0880 @ http://localhost:8773/index.js:451
[ 4994406ms] [LOG] MON 1 playing=false pos=0.000 stream_playing=false peak_db=-200.0 mix_rate=48000 latency=0.0880 @ http://localhost:8773/index.js:451
[ 5904564ms] [LOG] MON 1 playing=false pos=0.000 stream_playing=false peak_db=-200.0 mix_rate=48000 latency=0.0880 @ http://localhost:8773/index.js:451
[ 5904668ms] [LOG] MON 1 playing=false pos=0.000 stream_playing=false peak_db=-200.0 mix_rate=48000 latency=0.0880 @ http://localhost:8773/index.js:451
[ 5904904ms] [LOG] MON 1 playing=false pos=0.000 stream_playing=false peak_db=-200.0 mix_rate=48000 latency=0.0880 @ http://localhost:8773/index.js:451
[ 5905152ms] [LOG] MON 1 playing=false pos=0.000 stream_playing=false peak_db=-200.0 mix_rate=48000 latency=0.0880 @ http://localhost:8773/index.js:451
[ 5905403ms] [LOG] MON 1 playing=false pos=0.000 stream_playing=false peak_db=-200.0 mix_rate=48000 latency=0.0880 @ http://localhost:8773/index.js:451
[ 5905654ms] [LOG] MON 1 playing=false pos=0.000 stream_playing=false peak_db=-200.0 mix_rate=48000 latency=0.0880 @ http://localhost:8773/index.js:451
[ 5905905ms] [LOG] MON 1 playing=false pos=0.000 stream_playing=false peak_db=-200.0 mix_rate=48000 latency=0.0880 @ http://localhost:8773/index.js:451
[ 5906161ms] [LOG] MON 1 playing=false pos=0.000 stream_playing=false peak_db=-200.0 mix_rate=48000 latency=0.0880 @ http://localhost:8773/index.js:451
[ 5906405ms] [LOG] MON 1 playing=false pos=0.000 stream_playing=false peak_db=-200.0 mix_rate=48000 latency=0.0880 @ http://localhost:8773/index.js:451
[ 5906653ms] [LOG] MON 1 playing=false pos=0.000 stream_playing=false peak_db=-200.0 mix_rate=48000 latency=0.0880 @ http://localhost:8773/index.js:451
[ 5906904ms] [LOG] MON 1 playing=false pos=0.000 stream_playing=false peak_db=-200.0 mix_rate=48000 latency=0.0880 @ http://localhost:8773/index.js:451
[ 5907153ms] [LOG] MON 1 playing=false pos=0.000 stream_playing=false peak_db=-200.0 mix_rate=48000 latency=0.0880 @ http://localhost:8773/index.js:451
[ 5907421ms] [LOG] MON 1 playing=false pos=0.000 stream_playing=false peak_db=-200.0 mix_rate=48000 latency=0.0880 @ http://localhost:8773/index.js:451
[ 5907670ms] [LOG] MON 1 playing=false pos=0.000 stream_playing=false peak_db=-200.0 mix_rate=48000 latency=0.0880 @ http://localhost:8773/index.js:451
[ 5907939ms] [LOG] MON 1 playing=false pos=0.000 stream_playing=false peak_db=-200.0 mix_rate=48000 latency=0.0880 @ http://localhost:8773/index.js:451
[ 5908156ms] [LOG] MON 1 playing=false pos=0.000 stream_playing=false peak_db=-200.0 mix_rate=48000 latency=0.0880 @ http://localhost:8773/index.js:451
[ 5908423ms] [LOG] MON 1 playing=false pos=0.000 stream_playing=false peak_db=-200.0 mix_rate=48000 latency=0.0880 @ http://localhost:8773/index.js:451
[ 5908673ms] [LOG] MON 1 playing=false pos=0.000 stream_playing=false peak_db=-200.0 mix_rate=48000 latency=0.0880 @ http://localhost:8773/index.js:451
[ 5908944ms] [LOG] MON 1 playing=false pos=0.000 stream_playing=false peak_db=-200.0 mix_rate=48000 latency=0.0880 @ http://localhost:8773/index.js:451
[ 5909172ms] [LOG] MON 1 playing=false pos=0.000 stream_playing=false peak_db=-200.0 mix_rate=48000 latency=0.0880 @ http://localhost:8773/index.js:451
[ 5909425ms] [LOG] MON 1 playing=false pos=0.000 stream_playing=false peak_db=-200.0 mix_rate=48000 latency=0.0880 @ http://localhost:8773/index.js:451
[ 5909701ms] [LOG] MON 1 playing=false pos=0.000 stream_playing=false peak_db=-200.0 mix_rate=48000 latency=0.0880 @ http://localhost:8773/index.js:451
[ 5909926ms] [LOG] MON 1 playing=false pos=0.000 stream_playing=false peak_db=-200.0 mix_rate=48000 latency=0.0880 @ http://localhost:8773/index.js:451
[ 5910210ms] [LOG] MON 1 playing=false pos=0.000 stream_playing=false peak_db=-200.0 mix_rate=48000 latency=0.0880 @ http://localhost:8773/index.js:451
[ 5910460ms] [LOG] MON 1 playing=false pos=0.000 stream_playing=false peak_db=-200.0 mix_rate=48000 latency=0.0880 @ http://localhost:8773/index.js:451
[ 5910676ms] [LOG] MON 1 playing=false pos=0.000 stream_playing=false peak_db=-200.0 mix_rate=48000 latency=0.0880 @ http://localhost:8773/index.js:451
[ 5910928ms] [LOG] MON 1 playing=false pos=0.000 stream_playing=false peak_db=-200.0 mix_rate=48000 latency=0.0880 @ http://localhost:8773/index.js:451
[ 5911181ms] [LOG] MON 1 playing=false pos=0.000 stream_playing=false peak_db=-200.0 mix_rate=48000 latency=0.0880 @ http://localhost:8773/index.js:451
[ 5911427ms] [LOG] MON 1 playing=false pos=0.000 stream_playing=false peak_db=-200.0 mix_rate=48000 latency=0.0880 @ http://localhost:8773/index.js:451
[ 5911693ms] [LOG] MON 1 playing=false pos=0.000 stream_playing=false peak_db=-200.0 mix_rate=48000 latency=0.0880 @ http://localhost:8773/index.js:451
[ 5911944ms] [LOG] MON 1 playing=false pos=0.000 stream_playing=false peak_db=-200.0 mix_rate=48000 latency=0.0880 @ http://localhost:8773/index.js:451
[ 5912179ms] [LOG] MON 1 playing=false pos=0.000 stream_playing=false peak_db=-200.0 mix_rate=48000 latency=0.0880 @ http://localhost:8773/index.js:451
[ 5912412ms] [LOG] MON 1 playing=false pos=0.000 stream_playing=false peak_db=-200.0 mix_rate=48000 latency=0.0880 @ http://localhost:8773/index.js:451
[ 5912677ms] [LOG] MON 1 playing=false pos=0.000 stream_playing=false peak_db=-200.0 mix_rate=48000 latency=0.0880 @ http://localhost:8773/index.js:451
[ 5912926ms] [LOG] MON 1 playing=false pos=0.000 stream_playing=false peak_db=-200.0 mix_rate=48000 latency=0.0880 @ http://localhost:8773/index.js:451
[ 5913180ms] [LOG] MON 1 playing=false pos=0.000 stream_playing=false peak_db=-200.0 mix_rate=48000 latency=0.0880 @ http://localhost:8773/index.js:451
[ 5913446ms] [LOG] MON 1 playing=false pos=0.000 stream_playing=false peak_db=-200.0 mix_rate=48000 latency=0.0880 @ http://localhost:8773/index.js:451
[ 5913685ms] [LOG] MON 1 playing=false pos=0.000 stream_playing=false peak_db=-200.0 mix_rate=48000 latency=0.0880 @ http://localhost:8773/index.js:451
[ 5913935ms] [LOG] MON 1 playing=false pos=0.000 stream_playing=false peak_db=-200.0 mix_rate=48000 latency=0.0880 @ http://localhost:8773/index.js:451
[ 5914198ms] [LOG] MON 1 playing=false pos=0.000 stream_playing=false peak_db=-200.0 mix_rate=48000 latency=0.0880 @ http://localhost:8773/index.js:451
[ 5914430ms] [LOG] MON 1 playing=false pos=0.000 stream_playing=false peak_db=-200.0 mix_rate=48000 latency=0.0880 @ http://localhost:8773/index.js:451
[ 5914682ms] [LOG] MON 1 playing=false pos=0.000 stream_playing=false peak_db=-200.0 mix_rate=48000 latency=0.0880 @ http://localhost:8773/index.js:451
[ 5914938ms] [LOG] MON 1 playing=false pos=0.000 stream_playing=false peak_db=-200.0 mix_rate=48000 latency=0.0880 @ http://localhost:8773/index.js:451
[ 5915183ms] [LOG] MON 1 playing=false pos=0.000 stream_playing=false peak_db=-200.0 mix_rate=48000 latency=0.0880 @ http://localhost:8773/index.js:451
[ 5915435ms] [LOG] MON 1 playing=false pos=0.000 stream_playing=false peak_db=-200.0 mix_rate=48000 latency=0.0880 @ http://localhost:8773/index.js:451
[ 5915682ms] [LOG] MON 1 playing=false pos=0.000 stream_playing=false peak_db=-200.0 mix_rate=48000 latency=0.0880 @ http://localhost:8773/index.js:451
[ 5916006ms] [LOG] MON 1 playing=false pos=0.000 stream_playing=false peak_db=-200.0 mix_rate=48000 latency=0.0880 @ http://localhost:8773/index.js:451
[ 5916220ms] [LOG] MON 1 playing=false pos=0.000 stream_playing=false peak_db=-200.0 mix_rate=48000 latency=0.0880 @ http://localhost:8773/index.js:451
[ 5916476ms] [LOG] MON 1 playing=false pos=0.000 stream_playing=false peak_db=-200.0 mix_rate=48000 latency=0.0880 @ http://localhost:8773/index.js:451
[ 5916717ms] [LOG] MON 1 playing=false pos=0.000 stream_playing=false peak_db=-200.0 mix_rate=48000 latency=0.0880 @ http://localhost:8773/index.js:451
[ 6510037ms] [LOG] MON 1 playing=false pos=0.000 stream_playing=false peak_db=-200.0 mix_rate=48000 latency=0.0880 @ http://localhost:8773/index.js:451
[ 6510265ms] [LOG] MON 1 playing=false pos=0.000 stream_playing=false peak_db=-200.0 mix_rate=48000 latency=0.0880 @ http://localhost:8773/index.js:451
[ 6510533ms] [LOG] MON 1 playing=false pos=0.000 stream_playing=false peak_db=-200.0 mix_rate=48000 latency=0.0880 @ http://localhost:8773/index.js:451
[ 6510851ms] [LOG] MON 1 playing=false pos=0.000 stream_playing=false peak_db=-200.0 mix_rate=48000 latency=0.0880 @ http://localhost:8773/index.js:451
